# Markdown

<a name="haut">

# `#`titre de niveau 1
## `##`titre de niveau 2
### `###`titre de niveau 3
#### `####`titre de niveau 4
##### `#####`titre de niveau 5
###### `######`titre de niveau 6 

pour que des balises ne soient pas interprétées je les entoure avec deux guillemets inversés (altgr+7)

on ecrit en italique avec des *astérisques* ou des tirets du bas _underscore_ 

en gras on met 2 **asterisque** ou des tiretrs du bas __underscore__ 

on peut combiner les deux gras & italique **asteriques et _underscore_**

le texte barré utilise deux ~~tiltes~~ (alt gr+2)  

# les listes 

1.premier objet de liste ordonnée
2.second objet
  *puce de liste non ordonnée
  -le signe moins est aussi un moyen de faire une puce 
  + comme le signe plus 
  18.les nombres sont sans importance,il suffit qu'il en ait un 
     18. dans une liste j'insère une sous-liste en commençant la ligne avec trois espaces   
     4.dernier objet de la liste principale 

     je saute une ligne après la liste =>elle est finie ,et je commence cette ligne avec 3 espaces =>mon paragraphe est indenté (décalé droite) et aligné comme ma liste .
     pour avoir un retour à la ligne dans le mème paragraphe je termine la ligne (d'avant !!) avec 2 espaces  

    - [ ] une liste de courses, ici ce n'est pas fait 
-[x]et là c'est fait,je l'ai coché :sunglasses:

---

une ligne de séparation (la balise <br/>en html)



[retour en haut](#haut)
